// Jest Snapshot v1, https://goo.gl/fbAQLP

exports[`<Main /> should render the heading 1`] = `
.c0 {
  display: grid;
  grid-template-columns: 26rem 1fr;
  grid-template-rows: auto 1fr;
  height: 100vh;
}

<main
  class="c0"
>
  <h1
    class=""
  >
    Main
  </h1>
</main>
`;
